// Jest Snapshot v1, https://goo.gl/fbAQLP

exports[`Matrix should create from rational array 1`] = `
Matrix {
  "addRows": [Function],
  "columnCount": [Function],
  "f": RationalField {
    "add": [Function],
    "equals": [Function],
    "multiply": [Function],
    "negate": [Function],
    "one": [Function],
    "reciprocal": [Function],
    "zero": [Function],
  },
  "get": [Function],
  "multiply": [Function],
  "multiplyRow": [Function],
  "reducedRowEchelonForm": [Function],
  "rowCount": [Function],
  "set": [Function],
  "swapRows": [Function],
  "values": Array [
    Array [
      3,
      1,
      4,
      1,
    ],
    Array [
      5,
      2,
      6,
      5,
    ],
    Array [
      0,
      5,
      2,
      1,
    ],
  ],
}
`;

exports[`PrimeField should rref properly 1`] = `
Array [
  Array [
    1,
    0,
    0,
    4,
  ],
  Array [
    0,
    1,
    0,
    3,
  ],
  Array [
    0,
    0,
    1,
    0,
  ],
]
`;

exports[`RationalField should rref properly 1`] = `
Array [
  Array [
    1,
    0,
    0,
    2.481481481481482,
  ],
  Array [
    0,
    1,
    0,
    1.2962962962962963,
  ],
  Array [
    -0,
    -0,
    1,
    -1.4814814814814814,
  ],
]
`;
